python : Creating test database for alias 'default'...
At line:1 char:1
+ python manage.py test polls > test_output.txt 2>&1
+ ~~~~~~~~~~~~~~~~~~~~~~~~~~~~~~~~~~~~~~~~~~~~~~~~~~
    + CategoryInfo          : NotSpecified: (Creating test d.. 
   .as 'default'...:String) [], RemoteException
    + FullyQualifiedErrorId : NativeCommandError
 

F.FFF.....
===============================================================
=======
FAIL: test_future_question (polls.tests.QuestionDetailViewTests
.test_future_question)
The detail view of a question with a pub_date in the future
---------------------------------------------------------------
-------
Traceback (most recent call last):
  File "C:\Users\Samedd\Desktop\Projects\DersProjeleri\mysite\p
olls\tests.py", line 112, in test_future_question
    self.assertEqual(response.status_code, 404)
    ~~~~~~~~~~~~~~~~^^^^^^^^^^^^^^^^^^^^^^^^^^^
AssertionError: 200 != 404

===============================================================
=======
FAIL: test_future_question (polls.tests.QuestionIndexViewTests.
test_future_question)
Questions with a pub_date in the future aren't displayed on
---------------------------------------------------------------
-------
Traceback (most recent call last):
  File "C:\Users\Samedd\Desktop\Projects\DersProjeleri\mysite\p
olls\tests.py", line 75, in test_future_question
    self.assertContains(response, "No polls are available.")
    ~~~~~~~~~~~~~~~~~~~^^^^^^^^^^^^^^^^^^^^^^^^^^^^^^^^^^^^^
AssertionError: False is not true : Couldn't find 'No polls are
 available.' in the following response
b'<!DOCTYPE html>\n<html lang="en">\n<head>\n    <meta charset=
"UTF-8">\n    <meta name="viewport" content="width=device-width
, initial-scale=1.0">\n    <title>En Son Anketler | PollsApp</t
itle>\n    <!-- Google Fonts: Inter -->\n    <link rel="preconn
ect" href="https://fonts.googleapis.com">\n    <link rel="preco
nnect" href="https://fonts.gstatic.com" crossorigin>\n    <link
 href="https://fonts.googleapis.com/css2?family=Inter:wght@300;
400;500;600;700&display=swap" rel="stylesheet">\n    <!-- Tailw
ind CSS -->\n    <script src="https://cdn.tailwindcss.com"></sc
ript>\n    <script>\n        tailwind.config = {\n            t
heme: {\n                extend: {\n                    fontFam
ily: {\n                        sans: [\'Inter\', \'sans-serif\
'],\n                    },\n                    colors: {\n   
                     glass: {\n                            50: 
\'rgba(255, 255, 255, 0.5)\',\n                            100:
 \'rgba(255, 255, 255, 0.8)\',\n                            200
: \'rgba(255, 255, 255, 0.9)\',\n                        },\n  
                      brand: {\n                            pri
mary: \'#2563EB\',\n                            secondary: \'#3
B82F6\',\n                            accent: \'#F97316\',\n   
                     },\n                        surface: \'#F8
FAFC\',\n                        ink: \'#1E293B\',\n           
         }\n                }\n            }\n        }\n    </
script>\n    <style>\n        body {\n            /* Smooth bac
kground gradient */\n            background: linear-gradient(13
5deg, #e0e7ff 0%, #f3e8ff 100%);\n            min-height: 100vh
;\n            color: #1E293B;\n        }\n        .glass-card 
{\n            background: rgba(255, 255, 255, 0.7);\n         
   backdrop-filter: blur(12px);\n            -webkit-backdrop-f
ilter: blur(12px);\n            border: 1px solid rgba(255, 255
, 255, 0.5);\n            box-shadow: 0 10px 25px -5px rgba(0, 
0, 0, 0.05), 0 8px 10px -6px rgba(0, 0, 0, 0.01);\n        }\n 
   </style>\n</head>\n<body class="antialiased font-sans select
ion:bg-brand-primary selection:text-white flex flex-col min-h-s
creen">\n    \n    <!-- Navbar -->\n    <nav class="glass-card 
sticky top-4 mx-4 md:mx-auto max-w-5xl rounded-2xl z-50 flex it
ems-center justify-between px-6 py-4 mb-8">\n        <a href="/
polls/" class="text-xl font-bold tracking-tight text-ink hover:
text-brand-primary transition-colors duration-200 cursor-pointe
r">\n            \xf0\x9f\x93\x8a <span class="ml-2">PollsApp</
span>\n        </a>\n        <div class="flex items-center spac
e-x-4">\n            <a href="/polls/" class="text-sm font-medi
um text-ink hover:text-brand-primary transition-colors cursor-p
ointer">Ana Sayfa</a>\n        </div>\n    </nav>\n\n    <!-- M
ain Content -->\n    <main class="flex-grow container mx-auto p
x-4 max-w-4xl pb-12 w-full">\n        \n<div class="space-y-8">
\n    <div class="text-center md:text-left mb-10">\n        <h1
 class="text-3xl md:text-5xl font-extrabold text-ink tracking-t
ight mb-4">G\xc3\xbcn\xc3\xbcn Anketleri</h1>\n        <p class
="text-lg text-slate-600">Toplulu\xc4\x9fun ne d\xc3\xbc\xc5\x9
f\xc3\xbcnd\xc3\xbc\xc4\x9f\xc3\xbcn\xc3\xbc ke\xc5\x9ffet ve s
en de oy ver.</p>\n    </div>\n\n    \n    <div class="grid gri
d-cols-1 md:grid-cols-2 gap-6">\n        \n        <a href="/po
lls/1/" class="block group">\n            <div\n               
 class="glass-card p-6 md:p-8 rounded-3xl transition-all durati
on-300 transform group-hover:-translate-y-2 group-hover:shadow-
2xl hover:bg-white/80 flex flex-col h-full cursor-pointer">\n  
              <div class="flex-grow">\n                    <h2\
n                        class="text-xl md:text-2xl font-bold t
ext-ink mb-3 group-hover:text-brand-primary transition-colors">
\n                        Future question.</h2>\n              
  </div>\n                <div class="flex items-center justify
-between mt-6 pt-4 border-t border-slate-200/50">\n            
        <span class="text-sm font-medium text-slate-500">03 Apr
 2026</span>\n                    <span\n                      
  class="inline-flex items-center text-sm font-semibold text-br
and-primary group-hover:text-brand-accent transition-colors">\n
                        Oy Ver <svg xmlns="http://www.w3.org/20
00/svg"\n                            class="h-4 w-4 ml-1 group-
hover:translate-x-1 transition-transform" fill="none"\n        
                    viewBox="0 0 24 24" stroke="currentColor">\
n                            <path stroke-linecap="round" strok
e-linejoin="round" stroke-width="2" d="M9 5l7 7-7 7" />\n      
                  </svg>\n                    </span>\n        
        </div>\n            </div>\n        </a>\n        \n   
 </div>\n    \n</div>\n\n    </main>\n\n    <!-- Footer -->\n  
  <footer class="mt-auto py-8 text-center text-sm text-slate-50
0">\n        <p>Built with \xe2\x9d\xa4\xef\xb8\x8f using Djang
o & Tailwind CSS</p>\n    </footer>\n    \n</body>\n</html>\n'

===============================================================
=======
FAIL: test_future_question_and_past_question (polls.tests.Quest
ionIndexViewTests.test_future_question_and_past_question)
Even if both past and future questions exist, only past questio
ns
---------------------------------------------------------------
-------
Traceback (most recent call last):
  File "C:\Users\Samedd\Desktop\Projects\DersProjeleri\mysite\p
olls\tests.py", line 86, in test_future_question_and_past_quest
ion
    self.assertQuerySetEqual(
    ~~~~~~~~~~~~~~~~~~~~~~~~^
        response.context["latest_question_list"],
        ^^^^^^^^^^^^^^^^^^^^^^^^^^^^^^^^^^^^^^^^^
        [question],
        ^^^^^^^^^^^
    )
    ^
AssertionError: Lists differ: [<Question: Future question.>, <Q
uestion: Past question.>] != [<Question: Past question.>]

First differing element 0:
<Question: Future question.>
<Question: Past question.>

First list contains 1 additional elements.
First extra element 1:
<Question: Past question.>

- [<Question: Future question.>, <Question: Past question.>]
+ [<Question: Past question.>]

===============================================================
=======
FAIL: test_no_questions (polls.tests.QuestionIndexViewTests.tes
t_no_questions)
If no questions exist, an appropriate message is displayed.
---------------------------------------------------------------
-------
Traceback (most recent call last):
  File "C:\Users\Samedd\Desktop\Projects\DersProjeleri\mysite\p
olls\tests.py", line 53, in test_no_questions
    self.assertContains(response, "No polls are available.")
    ~~~~~~~~~~~~~~~~~~~^^^^^^^^^^^^^^^^^^^^^^^^^^^^^^^^^^^^^
AssertionError: False is not true : Couldn't find 'No polls are
 available.' in the following response
b'<!DOCTYPE html>\n<html lang="en">\n<head>\n    <meta charset=
"UTF-8">\n    <meta name="viewport" content="width=device-width
, initial-scale=1.0">\n    <title>En Son Anketler | PollsApp</t
itle>\n    <!-- Google Fonts: Inter -->\n    <link rel="preconn
ect" href="https://fonts.googleapis.com">\n    <link rel="preco
nnect" href="https://fonts.gstatic.com" crossorigin>\n    <link
 href="https://fonts.googleapis.com/css2?family=Inter:wght@300;
400;500;600;700&display=swap" rel="stylesheet">\n    <!-- Tailw
ind CSS -->\n    <script src="https://cdn.tailwindcss.com"></sc
ript>\n    <script>\n        tailwind.config = {\n            t
heme: {\n                extend: {\n                    fontFam
ily: {\n                        sans: [\'Inter\', \'sans-serif\
'],\n                    },\n                    colors: {\n   
                     glass: {\n                            50: 
\'rgba(255, 255, 255, 0.5)\',\n                            100:
 \'rgba(255, 255, 255, 0.8)\',\n                            200
: \'rgba(255, 255, 255, 0.9)\',\n                        },\n  
                      brand: {\n                            pri
mary: \'#2563EB\',\n                            secondary: \'#3
B82F6\',\n                            accent: \'#F97316\',\n   
                     },\n                        surface: \'#F8
FAFC\',\n                        ink: \'#1E293B\',\n           
         }\n                }\n            }\n        }\n    </
script>\n    <style>\n        body {\n            /* Smooth bac
kground gradient */\n            background: linear-gradient(13
5deg, #e0e7ff 0%, #f3e8ff 100%);\n            min-height: 100vh
;\n            color: #1E293B;\n        }\n        .glass-card 
{\n            background: rgba(255, 255, 255, 0.7);\n         
   backdrop-filter: blur(12px);\n            -webkit-backdrop-f
ilter: blur(12px);\n            border: 1px solid rgba(255, 255
, 255, 0.5);\n            box-shadow: 0 10px 25px -5px rgba(0, 
0, 0, 0.05), 0 8px 10px -6px rgba(0, 0, 0, 0.01);\n        }\n 
   </style>\n</head>\n<body class="antialiased font-sans select
ion:bg-brand-primary selection:text-white flex flex-col min-h-s
creen">\n    \n    <!-- Navbar -->\n    <nav class="glass-card 
sticky top-4 mx-4 md:mx-auto max-w-5xl rounded-2xl z-50 flex it
ems-center justify-between px-6 py-4 mb-8">\n        <a href="/
polls/" class="text-xl font-bold tracking-tight text-ink hover:
text-brand-primary transition-colors duration-200 cursor-pointe
r">\n            \xf0\x9f\x93\x8a <span class="ml-2">PollsApp</
span>\n        </a>\n        <div class="flex items-center spac
e-x-4">\n            <a href="/polls/" class="text-sm font-medi
um text-ink hover:text-brand-primary transition-colors cursor-p
ointer">Ana Sayfa</a>\n        </div>\n    </nav>\n\n    <!-- M
ain Content -->\n    <main class="flex-grow container mx-auto p
x-4 max-w-4xl pb-12 w-full">\n        \n<div class="space-y-8">
\n    <div class="text-center md:text-left mb-10">\n        <h1
 class="text-3xl md:text-5xl font-extrabold text-ink tracking-t
ight mb-4">G\xc3\xbcn\xc3\xbcn Anketleri</h1>\n        <p class
="text-lg text-slate-600">Toplulu\xc4\x9fun ne d\xc3\xbc\xc5\x9
f\xc3\xbcnd\xc3\xbc\xc4\x9f\xc3\xbcn\xc3\xbc ke\xc5\x9ffet ve s
en de oy ver.</p>\n    </div>\n\n    \n    <div class="glass-ca
rd p-12 rounded-3xl text-center">\n        <svg xmlns="http://w
ww.w3.org/2000/svg" class="h-16 w-16 mx-auto text-slate-300 mb-
4" fill="none"\n            viewBox="0 0 24 24" stroke="current
Color">\n            <path stroke-linecap="round" stroke-linejo
in="round" stroke-width="2"\n                d="M9.172 16.172a4
 4 0 015.656 0M9 10h.01M15 10h.01M21 12a9 9 0 11-18 0 9 9 0 011
8 0z" />\n        </svg>\n        <p class="text-xl font-medium
 text-slate-500">Hen\xc3\xbcz yay\xc4\xb1nlanm\xc4\xb1\xc5\x9f 
bir anket bulunmuyor.</p>\n    </div>\n    \n</div>\n\n    </ma
in>\n\n    <!-- Footer -->\n    <footer class="mt-auto py-8 tex
t-center text-sm text-slate-500">\n        <p>Built with \xe2\x
9d\xa4\xef\xb8\x8f using Django & Tailwind CSS</p>\n    </foote
r>\n    \n</body>\n</html>\n'

---------------------------------------------------------------
-------
Ran 10 tests in 0.048s

FAILED (failures=4)
Destroying test database for alias 'default'...

Found 10 test(s).
System check identified no issues (0 silenced).
